
> thesis_frontend@0.0.0 test
> vitest run --reporter=dot


 RUN  v4.1.10 C:/Users/N1n3Bird/Desktop/Thesis/thesis_frontend

······························

 Test Files  6 passed (6)
      Tests  30 passed (30)
   Start at  21:42:23
   Duration  896ms (transform 622ms, setup 0ms, import 778ms, tests 122ms, environment 1ms)


> thesis_frontend@0.0.0 build
> vite build

vite v8.0.16 building client environment for production...
[2K
transforming...✓ 39 modules transformed.
rendering chunks...
computing gzip size...
dist/index.html                                                             0.46 kB │ gzip:  0.30 kB
dist/assets/warning-B8t0RW4W.png                                            4.21 kB
dist/assets/danger-YZnujfYW.png                                             4.26 kB
dist/assets/success-ComsO3SR.png                                            4.52 kB
dist/assets/mask_white-BVnXwhzK.png                                       135.73 kB
dist/assets/mask_black-qwfWXB9f.png                                       555.89 kB
dist/assets/GoogleSans-VariableFont_GRAD_opsz_wght-DGRbB7N7.ttf         4,845.50 kB
dist/assets/GoogleSans-Italic-VariableFont_GRAD_opsz_wght-BZPhlutj.ttf  5,143.77 kB
dist/assets/HarmonyOS_Sans_SC_Regular-DdsgBYS9.ttf                      8,261.12 kB
dist/assets/index-B33AivjN.css                                             89.72 kB │ gzip: 17.86 kB
dist/assets/index-Ct9dH5Dp.js                                             202.97 kB │ gzip: 70.38 kB

✓ built in 381ms
