Downloading https://mirrors.cloud.tencent.com/gradle/gradle-9.4.1-bin.zip
.............10%.............20%.............30%.............40%.............50%.............60%..............70%.............80%.............90%.............100%

Welcome to Gradle 9.4.1!

Here are the highlights of this release:
 - Java 26 support
 - Non-class-based JVM tests
 - Enhanced console progress bar

For more details see https://docs.gradle.org/9.4.1/release-notes.html

To honour the JVM settings for this build a single-use Daemon process will be forked. For more on this, please refer to https://docs.gradle.org/9.4.1/userguide/gradle_daemon.html#sec:disabling_the_daemon in the Gradle documentation.
Daemon will be stopped at the end of the build 

> Task :compileJava
注: C:\Users\N1n3Bird\Desktop\Thesis\carapace\src\main\java\com\thesis\carapace\vuln\SsrfController.java使用或覆盖了已过时的 API。
注: 有关详细信息, 请使用 -Xlint:deprecation 重新编译。

> Task :processResources
> Task :classes
> Task :resolveMainClassName
> Task :bootJar
> Task :compileTestJava
> Task :processTestResources NO-SOURCE
> Task :testClasses
Java HotSpot(TM) 64-Bit Server VM warning: Sharing is only supported for boot loader classes because bootstrap classpath has been appended
2026-09-08T22:13:23.293+08:00  INFO 30376 --- [carapace] [ionShutdownHook] o.s.boot.tomcat.GracefulShutdown         : Commencing graceful shutdown. Waiting for active requests to complete
2026-09-08T22:13:23.308+08:00  INFO 30376 --- [carapace] [tomcat-shutdown] o.s.boot.tomcat.GracefulShutdown         : Graceful shutdown complete
> Task :test

[Incubating] Problems report is available at: file:///C:/Users/N1n3Bird/Desktop/Thesis/carapace/build/reports/problems/problems-report.html

BUILD SUCCESSFUL in 2m 7s
6 actionable tasks: 6 executed
Consider enabling configuration cache to speed up this build: https://docs.gradle.org/9.4.1/userguide/configuration_cache_enabling.html
